
> back-sistema-gerenciamento-contratos@1.0.0 test
> cross-env NODE_ENV=test jest --detectOpenHandles --forceExit src/modules/usuario/usuario.service.test.js src/modules/usuario/usuario.controller.test.js src/modules/reset-senha/reset-senha.service.test.js src/modules/reset-senha/reset-senha.controller.test.js

FAIL src/modules/usuario/usuario.controller.test.js
  ● Test suite failed to run

    Cannot find module '../../../index' from 'src/modules/usuario/usuario.controller.test.js'

    [0m [90m 1 |[39m [36mconst[39m request [33m=[39m require([32m'supertest'[39m)[33m;[39m
    [31m[1m>[22m[39m[90m 2 |[39m [36mconst[39m app [33m=[39m require([32m'../../../index'[39m)[33m;[39m
     [90m   |[39m             [31m[1m^[22m[39m
     [90m 3 |[39m [36mconst[39m [33mUsuarioService[39m [33m=[39m require([32m'./usuario.service'[39m)[33m;[39m
     [90m 4 |[39m [36mconst[39m jwt [33m=[39m require([32m'jsonwebtoken'[39m)[33m;[39m
     [90m 5 |[39m [36mconst[39m authConfig [33m=[39m require([32m'../../../config/auth'[39m)[33m;[39m[0m

      at Resolver._throwModNotFoundError (node_modules/jest-resolve/build/index.js:863:11)
      at Object.require (src/modules/usuario/usuario.controller.test.js:2:13)

FAIL src/modules/reset-senha/reset-senha.controller.test.js
  ● Test suite failed to run

    Cannot find module '../../../index' from 'src/modules/reset-senha/reset-senha.controller.test.js'

    [0m [90m 1 |[39m [36mconst[39m request [33m=[39m require([32m'supertest'[39m)[33m;[39m
    [31m[1m>[22m[39m[90m 2 |[39m [36mconst[39m app [33m=[39m require([32m'../../../index'[39m)[33m;[39m
     [90m   |[39m             [31m[1m^[22m[39m
     [90m 3 |[39m [36mconst[39m [33mResetSenhaService[39m [33m=[39m require([32m'./reset-senha.service'[39m)[33m;[39m
     [90m 4 |[39m
     [90m 5 |[39m jest[33m.[39mmock([32m'./reset-senha.service'[39m)[33m;[39m[0m

      at Resolver._throwModNotFoundError (node_modules/jest-resolve/build/index.js:863:11)
      at Object.require (src/modules/reset-senha/reset-senha.controller.test.js:2:13)

PASS src/modules/reset-senha/reset-senha.service.test.js
PASS src/modules/usuario/usuario.service.test.js
  ● Console

    console.log
      [dotenv@17.2.3] injecting env (12) from .env -- tip: ⚙️  suppress all logs with { quiet: true }

      at _log (node_modules/dotenv/lib/main.js:142:11)

    console.warn
      [Auth Config] WARN: JWT_SECRET not set. Using unsafe default.

    [0m [90m 15 |[39m
     [90m 16 |[39m [36mif[39m ([33m![39mprocess[33m.[39menv[33m.[39m[33mJWT_SECRET[39m) {
    [31m[1m>[22m[39m[90m 17 |[39m     console[33m.[39mwarn([32m"[Auth Config] WARN: JWT_SECRET not set. Using unsafe default."[39m)[33m;[39m
     [90m    |[39m             [31m[1m^[22m[39m
     [90m 18 |[39m }
     [90m 19 |[39m
     [90m 20 |[39m module[33m.[39mexports [33m=[39m {[0m

      at Object.warn (src/config/auth.js:17:13)
      at Object.require (src/services/AutenticacaoService.js:4:20)
      at Object.require (src/modules/usuario/usuario.service.js:2:29)
      at Object.require (src/modules/usuario/usuario.service.test.js:1:24)


Test Suites: 2 failed, 2 passed, 4 total
Tests:       15 passed, 15 total
Snapshots:   0 total
Time:        0.906 s, estimated 1 s
Ran all test suites matching src/modules/usuario/usuario.service.test.js|src/modules/usuario/usuario.controller.test.js|src/modules/reset-senha/reset-senha.service.test.js|src/modules/reset-senha/reset-senha.controller.test.js.
